[INFO] Scanning for projects...
[INFO] 
[INFO] -----------------------< com.subtrack:subtrack >------------------------
[INFO] Building SubTrack 1.0.0-SNAPSHOT
[INFO]   from pom.xml
[INFO] --------------------------------[ war ]---------------------------------
[INFO] 
[INFO] --- clean:3.2.0:clean (default-clean) @ subtrack ---
[INFO] Deleting C:\Users\elhai\OneDrive\Desktop\Jakarta Jaouad\target
[INFO] 
[INFO] --- resources:3.3.1:resources (default-resources) @ subtrack ---
[INFO] Copying 3 resources from src\main\resources to target\classes
[INFO] 
[INFO] --- compiler:3.12.1:compile (default-compile) @ subtrack ---
[INFO] Recompiling the module because of changed source code.
[INFO] Compiling 61 source files with javac [debug target 17] to target\classes
[INFO] -------------------------------------------------------------
[ERROR] COMPILATION ERROR : 
[INFO] -------------------------------------------------------------
[ERROR] /C:/Users/elhai/OneDrive/Desktop/Jakarta Jaouad/src/main/java/com/subtrack/controller/AuthController.java:[1,1] illegal character: '\ufeff'
[ERROR] /C:/Users/elhai/OneDrive/Desktop/Jakarta Jaouad/src/main/java/com/subtrack/controller/AuthController.java:[1,10] class, interface, enum, or record expected
[INFO] 2 errors 
[INFO] -------------------------------------------------------------
[INFO] ------------------------------------------------------------------------
[INFO] BUILD FAILURE
[INFO] ------------------------------------------------------------------------
[INFO] Total time:  4.305 s
[INFO] Finished at: 2026-03-12T21:14:22Z
[INFO] ------------------------------------------------------------------------
[ERROR] Failed to execute goal org.apache.maven.plugins:maven-compiler-plugin:3.12.1:compile (default-compile) on project subtrack: Compilation failure: Compilation failure: 
[ERROR] /C:/Users/elhai/OneDrive/Desktop/Jakarta Jaouad/src/main/java/com/subtrack/controller/AuthController.java:[1,1] illegal character: '\ufeff'
[ERROR] /C:/Users/elhai/OneDrive/Desktop/Jakarta Jaouad/src/main/java/com/subtrack/controller/AuthController.java:[1,10] class, interface, enum, or record expected
[ERROR] -> [Help 1]
[ERROR] 
[ERROR] To see the full stack trace of the errors, re-run Maven with the -e switch.
[ERROR] Re-run Maven using the -X switch to enable full debug logging.
[ERROR] 
[ERROR] For more information about the errors and possible solutions, please read the following articles:
[ERROR] [Help 1] http://cwiki.apache.org/confluence/display/MAVEN/MojoFailureException
