[INFO] Scanning for projects...
[INFO] 
[INFO] -----------------------< com.subtrack:subtrack >------------------------
[INFO] Building SubTrack 1.0.0-SNAPSHOT
[INFO]   from pom.xml
[INFO] --------------------------------[ war ]---------------------------------
[INFO] 
[INFO] --- resources:3.3.1:resources (default-resources) @ subtrack ---
[INFO] Copying 3 resources from src\main\resources to target\classes
[INFO] 
[INFO] --- compiler:3.12.1:compile (default-compile) @ subtrack ---
[INFO] Recompiling the module because of added or removed source files.
[INFO] Compiling 74 source files with javac [debug target 17] to target\classes
[INFO] ------------------------------------------------------------------------
[INFO] BUILD SUCCESS
[INFO] ------------------------------------------------------------------------
[INFO] Total time:  4.461 s
[INFO] Finished at: 2026-03-25T16:36:44+01:00
[INFO] ------------------------------------------------------------------------
